C51 COMPILER V9.60.0.0   SOURCETEST                                                        04/26/2021 23:05:11 PAGE 1   


C51 COMPILER V9.60.0.0, COMPILATION OF MODULE SOURCETEST
OBJECT MODULE PLACED IN .\Objects\sourcetest.obj
COMPILER INVOKED BY: C:\Keil_v5\C51\BIN\C51.EXE sourcetest.c OPTIMIZE(8,SPEED) BROWSE DEBUG OBJECTEXTEND PRINT(.\Listing
                    -s\sourcetest.lst) TABS(2) OBJECT(.\Objects\sourcetest.obj)

line level    source

   1          #include<reg52.h>
   2          #define unchar unsigned char
   3          #define unint unsigned int
   4          sbit pul=P1^0;
   5          sbit dir=P1^1;
   6          sbit en=P1^2;
   7          sbit ecapin=P3^2;
   8          sbit ecbpin=P3^3;
   9          unint flag=0;
  10          unint count=0;
  11          
  12          void encoder_a() interrupt 0{
  13   1          if(ecbpin==1){
  14   2              flag=1;
  15   2          }
  16   1          if(ecbpin==0){
  17   2              flag=2;
  18   2          }
  19   1          pul=~pul;
  20   1        pul=~pul;
  21   1        count++;
  22   1        if(count==5){
  23   2              pul=~pul;
  24   2            pul=~pul;
  25   2              pul=~pul;
  26   2            pul=~pul;
  27   2              pul=~pul;
  28   2            pul=~pul;  
  29   2              count=0;
  30   2          }     
  31   1      }
  32          
  33          void encoder_b() interrupt 2{
  34   1          if(flag==1&&ecapin==0){
  35   2              dir=1;
  36   2              flag=0;
  37   2          }
  38   1          if(flag==2&&ecapin==1){
  39   2              dir=0;
  40   2              flag=0;
  41   2          }
  42   1      }
  43          
  44          void main(){
  45   1          EA=1;    //开启总中断
  46   1          EX0=1;   //开启0号外部中断
  47   1          EX1=1;
  48   1          IT0=1;   //中断方式1，下降沿触发
  49   1          IT1=1;
  50   1          pul=0;
  51   1          dir=0;
  52   1          while(1);
  53   1      }

C51 COMPILER V9.60.0.0   SOURCETEST                                                        04/26/2021 23:05:11 PAGE 2   


MODULE INFORMATION:   STATIC OVERLAYABLE
   CODE SIZE        =    112    ----
   CONSTANT SIZE    =   ----    ----
   XDATA SIZE       =   ----    ----
   PDATA SIZE       =   ----    ----
   DATA SIZE        =      4    ----
   IDATA SIZE       =   ----    ----
   BIT SIZE         =   ----    ----
END OF MODULE INFORMATION.


C51 COMPILATION COMPLETE.  0 WARNING(S),  0 ERROR(S)
